Archive member included to satisfy reference by file (symbol)

C:\Users\aronno\DOCUME~1\ATMELS~1\7.0\ENERGY~1\BATTER~2\BATTER~1\ARDUIN~1\Release\libArduinoCore.a(main.o)
                              C:/Program Files (x86)/Atmel/Studio2/7.0/Packs/atmel/ATmega_DFP/1.2.209/gcc/dev/atmega2560/avr6/crtatmega2560.o (main)
C:\Users\aronno\DOCUME~1\ATMELS~1\7.0\ENERGY~1\BATTER~2\BATTER~1\ARDUIN~1\Release\libArduinoCore.a(Print.o)
                              BatteryCharger.o (_ZN5Print5printEPKc)
C:\Users\aronno\DOCUME~1\ATMELS~1\7.0\ENERGY~1\BATTER~2\BATTER~1\ARDUIN~1\Release\libArduinoCore.a(wiring.o)
                              BatteryCharger.o (delayMicroseconds)
C:\Users\aronno\DOCUME~1\ATMELS~1\7.0\ENERGY~1\BATTER~2\BATTER~1\ARDUIN~1\Release\libArduinoCore.a(wiring_analog.o)
                              BatteryCharger.o (analogReference)
C:\Users\aronno\DOCUME~1\ATMELS~1\7.0\ENERGY~1\BATTER~2\BATTER~1\ARDUIN~1\Release\libArduinoCore.a(wiring_digital.o)
                              BatteryCharger.o (pinMode)
C:\Users\aronno\DOCUME~1\ATMELS~1\7.0\ENERGY~1\BATTER~2\BATTER~1\ARDUIN~1\Release\libArduinoCore.a(LiquidCrystal.o)
                              BatteryCharger.o (_ZN13LiquidCrystal5clearEv)
C:\Users\aronno\DOCUME~1\ATMELS~1\7.0\ENERGY~1\BATTER~2\BATTER~1\ARDUIN~1\Release\libArduinoCore.a(TimerOne.o)
                              BatteryCharger.o (_ZN8TimerOne11isrCallbackE)
C:\Users\aronno\DOCUME~1\ATMELS~1\7.0\ENERGY~1\BATTER~2\BATTER~1\ARDUIN~1\Release\libArduinoCore.a(abi.o)
                              C:\Users\aronno\DOCUME~1\ATMELS~1\7.0\ENERGY~1\BATTER~2\BATTER~1\ARDUIN~1\Release\libArduinoCore.a(Print.o) (__cxa_pure_virtual)
C:\Users\aronno\DOCUME~1\ATMELS~1\7.0\ENERGY~1\BATTER~2\BATTER~1\ARDUIN~1\Release\libArduinoCore.a(hooks.o)
                              C:\Users\aronno\DOCUME~1\ATMELS~1\7.0\ENERGY~1\BATTER~2\BATTER~1\ARDUIN~1\Release\libArduinoCore.a(wiring.o) (yield)
c:/program files (x86)/atmel/studio2/7.0/toolchain/avr8/avr8-gnu-toolchain/bin/../lib/gcc/avr/5.4.0/../../../../avr/lib/avr6\libm.a(addsf3.o)
                              C:\Users\aronno\DOCUME~1\ATMELS~1\7.0\ENERGY~1\BATTER~2\BATTER~1\ARDUIN~1\Release\libArduinoCore.a(Print.o) (__subsf3)
c:/program files (x86)/atmel/studio2/7.0/toolchain/avr8/avr8-gnu-toolchain/bin/../lib/gcc/avr/5.4.0/../../../../avr/lib/avr6\libm.a(addsf3x.o)
                              c:/program files (x86)/atmel/studio2/7.0/toolchain/avr8/avr8-gnu-toolchain/bin/../lib/gcc/avr/5.4.0/../../../../avr/lib/avr6\libm.a(addsf3.o) (__addsf3x)
c:/program files (x86)/atmel/studio2/7.0/toolchain/avr8/avr8-gnu-toolchain/bin/../lib/gcc/avr/5.4.0/../../../../avr/lib/avr6\libm.a(cmpsf2.o)
                              C:\Users\aronno\DOCUME~1\ATMELS~1\7.0\ENERGY~1\BATTER~2\BATTER~1\ARDUIN~1\Release\libArduinoCore.a(Print.o) (__ltsf2)
c:/program files (x86)/atmel/studio2/7.0/toolchain/avr8/avr8-gnu-toolchain/bin/../lib/gcc/avr/5.4.0/../../../../avr/lib/avr6\libm.a(divsf3.o)
                              C:\Users\aronno\DOCUME~1\ATMELS~1\7.0\ENERGY~1\BATTER~2\BATTER~1\ARDUIN~1\Release\libArduinoCore.a(Print.o) (__divsf3)
c:/program files (x86)/atmel/studio2/7.0/toolchain/avr8/avr8-gnu-toolchain/bin/../lib/gcc/avr/5.4.0/../../../../avr/lib/avr6\libm.a(divsf3x.o)
                              c:/program files (x86)/atmel/studio2/7.0/toolchain/avr8/avr8-gnu-toolchain/bin/../lib/gcc/avr/5.4.0/../../../../avr/lib/avr6\libm.a(divsf3.o) (__divsf3x)
c:/program files (x86)/atmel/studio2/7.0/toolchain/avr8/avr8-gnu-toolchain/bin/../lib/gcc/avr/5.4.0/../../../../avr/lib/avr6\libm.a(fixunssfsi.o)
                              C:\Users\aronno\DOCUME~1\ATMELS~1\7.0\ENERGY~1\BATTER~2\BATTER~1\ARDUIN~1\Release\libArduinoCore.a(Print.o) (__fixunssfsi)
c:/program files (x86)/atmel/studio2/7.0/toolchain/avr8/avr8-gnu-toolchain/bin/../lib/gcc/avr/5.4.0/../../../../avr/lib/avr6\libm.a(floatsisf.o)
                              C:\Users\aronno\DOCUME~1\ATMELS~1\7.0\ENERGY~1\BATTER~2\BATTER~1\ARDUIN~1\Release\libArduinoCore.a(Print.o) (__floatunsisf)
c:/program files (x86)/atmel/studio2/7.0/toolchain/avr8/avr8-gnu-toolchain/bin/../lib/gcc/avr/5.4.0/../../../../avr/lib/avr6\libm.a(fp_cmp.o)
                              c:/program files (x86)/atmel/studio2/7.0/toolchain/avr8/avr8-gnu-toolchain/bin/../lib/gcc/avr/5.4.0/../../../../avr/lib/avr6\libm.a(cmpsf2.o) (__fp_cmp)
c:/program files (x86)/atmel/studio2/7.0/toolchain/avr8/avr8-gnu-toolchain/bin/../lib/gcc/avr/5.4.0/../../../../avr/lib/avr6\libm.a(fp_inf.o)
                              c:/program files (x86)/atmel/studio2/7.0/toolchain/avr8/avr8-gnu-toolchain/bin/../lib/gcc/avr/5.4.0/../../../../avr/lib/avr6\libm.a(addsf3x.o) (__fp_inf)
c:/program files (x86)/atmel/studio2/7.0/toolchain/avr8/avr8-gnu-toolchain/bin/../lib/gcc/avr/5.4.0/../../../../avr/lib/avr6\libm.a(fp_nan.o)
[...]
Memory Configuration

Name             Origin             Length             Attributes
text             0x00000000         0x00100000         xr
data             0x00800200         0x0000fe00         rw !x
eeprom           0x00810000         0x00010000         rw !x
fuse             0x00820000         0x00000003         rw !x
lock             0x00830000         0x00000400         rw !x
signature        0x00840000         0x00000400         rw !x
user_signatures  0x00850000         0x00000400         rw !x
*default*        0x00000000         0xffffffff

Linker script and memory map

Address of section .data set to 0x800200
LOAD C:/Program Files (x86)/Atmel/Studio2/7.0/Packs/atmel/ATmega_DFP/1.2.209/gcc/dev/atmega2560/avr6/crtatmega2560.o
LOAD BatteryCharger.o
LOAD ButtonMatrix.o
START GROUP
LOAD c:/program files (x86)/atmel/studio2/7.0/toolchain/avr8/avr8-gnu-toolchain/bin/../lib/gcc/avr/5.4.0/../../../../avr/lib/avr6\libm.a
LOAD C:\Users\aronno\DOCUME~1\ATMELS~1\7.0\ENERGY~1\BATTER~2\BATTER~1\ARDUIN~1\Release\libArduinoCore.a
END GROUP
LOAD c:/program files (x86)/atmel/studio2/7.0/toolchain/avr8/avr8-gnu-toolchain/bin/../lib/gcc/avr/5.4.0/avr6\libgcc.a
LOAD c:/program files (x86)/atmel/studio2/7.0/toolchain/avr8/avr8-gnu-toolchain/bin/../lib/gcc/avr/5.4.0/../../../../avr/lib/avr6\libm.a
START GROUP
LOAD c:/program files (x86)/atmel/studio2/7.0/toolchain/avr8/avr8-gnu-toolchain/bin/../lib/gcc/avr/5.4.0/avr6\libgcc.a
LOAD c:/program files (x86)/atmel/studio2/7.0/toolchain/avr8/avr8-gnu-toolchain/bin/../lib/gcc/avr/5.4.0/../../../../avr/lib/avr6\libm.a
LOAD c:/program files (x86)/atmel/studio2/7.0/toolchain/avr8/avr8-gnu-toolchain/bin/../lib/gcc/avr/5.4.0/../../../../avr/lib/avr6\libc.a
LOAD C:/Program Files (x86)/Atmel/Studio2/7.0/Packs/atmel/ATmega_DFP/1.2.209/gcc/dev/atmega2560/avr6\libatmega2560.a
END GROUP
                0x00100000                __TEXT_REGION_LENGTH__ = DEFINED (__TEXT_REGION_LENGTH__)?__TEXT_REGION_LENGTH__:0x100000
                0x0000fe00                __DATA_REGION_LENGTH__ = DEFINED (__DATA_REGION_LENGTH__)?__DATA_REGION_LENGTH__:0xfe00
                0x00010000                __EEPROM_REGION_LENGTH__ = DEFINED (__EEPROM_REGION_LENGTH__)?__EEPROM_REGION_LENGTH__:0x10000
                [0x00000003]                __FUSE_REGION_LENGTH__ = DEFINED (__FUSE_REGION_LENGTH__)?__FUSE_REGION_LENGTH__:0x400
                0x00000400                __LOCK_REGION_LENGTH__ = DEFINED (__LOCK_REGION_LENGTH__)?__LOCK_REGION_LENGTH__:0x400
                0x00000400                __SIGNATURE_REGION_LENGTH__ = DEFINED (__SIGNATURE_REGION_LENGTH__)?__SIGNATURE_REGION_LENGTH__:0x400
                0x00000400                __USER_SIGNATURE_REGION_LENGTH__ = DEFINED (__USER_SIGNATURE_REGION_LENGTH__)?__USER_SIGNATURE_REGION_LENGTH__:0x400

.hash
 *(.hash)

.dynsym
 *(.dynsym)

.dynstr
 *(.dynstr)

.gnu.version
 *(.gnu.version)

.gnu.version_d
 *(.gnu.version_d)

.gnu.version_r
 *(.gnu.version_r)

.rel.init
 *(.rel.init)

.rela.init
 *(.rela.init)

.rel.text
 *(.rel.text)
 *(.rel.text.*)
 *(.rel.gnu.linkonce.t*)

.rela.text
 *(.rela.text)
 *(.rela.text.*)
 *(.rela.gnu.linkonce.t*)

.rel.fini
 *(.rel.fini)

.rela.fini
 *(.rela.fini)

.rel.rodata
 *(.rel.rodata)
 *(.rel.rodata.*)
 *(.rel.gnu.linkonce.r*)

.rela.rodata
 *(.rela.rodata)
 *(.rela.rodata.*)
 *(.rela.gnu.linkonce.r*)

.rel.data
 *(.rel.data)
 *(.rel.data.*)
 *(.rel.gnu.linkonce.d*)

.rela.data
 *(.rela.data)
 *(.rela.data.*)
 *(.rela.gnu.linkonce.d*)

.rel.ctors
 *(.rel.ctors)

.rela.ctors
 *(.rela.ctors)

.rel.dtors
 *(.rel.dtors)

.rela.dtors
 *(.rela.dtors)

.rel.got
 *(.rel.got)

.rela.got
 *(.rela.got)

.rel.bss
 *(.rel.bss)

.rela.bss
 *(.rela.bss)

.rel.plt
 *(.rel.plt)

.rela.plt
 *(.rela.plt)

.text           0x00000000     0x2234
 *(.vectors)
 .vectors       0x00000000       0xe4 C:/Program Files (x86)/Atmel/Studio2/7.0/Packs/atmel/ATmega_DFP/1.2.209/gcc/dev/atmega2560/avr6/crtatmega2560.o
                0x00000000                __vector_default
                0x00000000                __vectors
 *(.vectors)
 *(.progmem.gcc*)
 .progmem.gcc_sw_table.turnOffPWM
                0x000000e4       0x24 C:\Users\aronno\DOCUME~1\ATMELS~1\7.0\ENERGY~1\BATTER~2\BATTER~1\ARDUIN~1\Release\libArduinoCore.a(wiring_digital.o)
                0x00000108                . = ALIGN (0x2)
                0x00000108                __trampolines_start = .
 *(.trampolines)
 .trampolines   0x00000108        0x0 linker stubs
 *(.trampolines*)
                0x00000108                __trampolines_end = .
 *libprintf_flt.a:*(.progmem.data)
 *libc.a:*(.progmem.data)
 *(.progmem*)
 .progmem.data.digital_pin_to_timer_PGM
                0x00000108       0x46 C:\Users\aronno\DOCUME~1\ATMELS~1\7.0\ENERGY~1\BATTER~2\BATTER~1\ARDUIN~1\Release\libArduinoCore.a(wiring_digital.o)
                0x00000108                digital_pin_to_timer_PGM
 .progmem.data.digital_pin_to_bit_mask_PGM
                0x0000014e       0x46 C:\Users\aronno\DOCUME~1\ATMELS~1\7.0\ENERGY~1\BATTER~2\BATTER~1\ARDUIN~1\Release\libArduinoCore.a(wiring_digital.o)
                0x0000014e                digital_pin_to_bit_mask_PGM
 .progmem.data.digital_pin_to_port_PGM
                0x00000194       0x46 C:\Users\aronno\DOCUME~1\ATMELS~1\7.0\ENERGY~1\BATTER~2\BATTER~1\ARDUIN~1\Release\libArduinoCore.a(wiring_digital.o)
                0x00000194                digital_pin_to_port_PGM
 .progmem.data.port_to_input_PGM
                0x000001da       0x1a C:\Users\aronno\DOCUME~1\ATMELS~1\7.0\ENERGY~1\BATTER~2\BATTER~1\ARDUIN~1\Release\libArduinoCore.a(wiring_digital.o)
                0x000001da                port_to_input_PGM
 .progmem.data.port_to_output_PGM
                0x000001f4       0x1a C:\Users\aronno\DOCUME~1\ATMELS~1\7.0\ENERGY~1\BATTER~2\BATTER~1\ARDUIN~1\Release\libArduinoCore.a(wiring_digital.o)
                0x000001f4                port_to_output_PGM
 .progmem.data.port_to_mode_PGM
                0x0000020e       0x1a C:\Users\aronno\DOCUME~1\ATMELS~1\7.0\ENERGY~1\BATTER~2\BATTER~1\ARDUIN~1\Release\libArduinoCore.a(wiring_digital.o)
                0x0000020e                port_to_mode_PGM
                0x00000228                . = ALIGN (0x2)
 *(.jumptables)
 *(.jumptables*)
 *(.lowtext)
 *(.lowtext*)
                0x00000228                __ctors_start = .
 *(.ctors)
 .ctors         0x00000228        0x2 BatteryCharger.o
                0x0000022a                __ctors_end = .
                0x0000022a                __dtors_start = .
 *(.dtors)
                0x0000022a                __dtors_end = .
 SORT(*)(.ctors)
 SORT(*)(.dtors)
 *(.init0)
 .init0         0x0000022a        0x0 C:/Program Files (x86)/Atmel/Studio2/7.0/Packs/atmel/ATmega_DFP/1.2.209/gcc/dev/atmega2560/avr6/crtatmega2560.o
                0x0000022a                __init
 *(.init0)
 *(.init1)
 *(.init1)
 *(.init2)
 .init2         0x0000022a       0x10 C:/Program Files (x86)/Atmel/Studio2/7.0/Packs/atmel/ATmega_DFP/1.2.209/gcc/dev/atmega2560/avr6/crtatmega2560.o
 *(.init2)
 *(.init3)
 *(.init3)
 *(.init4)
 .init4         0x0000023a       0x1a c:/program files (x86)/atmel/studio2/7.0/toolchain/avr8/avr8-gnu-toolchain/bin/../lib/gcc/avr/5.4.0/avr6\libgcc.a(_copy_data.o)
                0x0000023a                __do_copy_data
 .init4         0x00000254       0x10 c:/program files (x86)/atmel/studio2/7.0/toolchain/avr8/avr8-gnu-toolchain/bin/../lib/gcc/avr/5.4.0/avr6\libgcc.a(_clear_bss.o)
                0x00000254                __do_clear_bss
 *(.init4)
 *(.init5)
 *(.init5)
 *(.init6)
 .init6         0x00000264       0x20 c:/program files (x86)/atmel/studio2/7.0/toolchain/avr8/avr8-gnu-toolchain/bin/../lib/gcc/avr/5.4.0/avr6\libgcc.a(_ctors.o)
                0x00000264                __do_global_ctors
 *(.init6)
 *(.init7)
 *(.init7)
 *(.init8)
 *(.init8)
 *(.init9)
 .init9         0x00000284        0x8 C:/Program Files (x86)/Atmel/Studio2/7.0/Packs/atmel/ATmega_DFP/1.2.209/gcc/dev/atmega2560/avr6/crtatmega2560.o
 *(.init9)
 *(.text)
 .text          0x0000028c        0x2 C:/Program Files (x86)/Atmel/Studio2/7.0/Packs/atmel/ATmega_DFP/1.2.209/gcc/dev/atmega2560/avr6/crtatmega2560.o
                0x0000028c                __vector_38
                0x0000028c                __vector_22
                0x0000028c                __vector_28
                0x0000028c                __vector_1
                0x0000028c                __vector_32
                0x0000028c                __vector_34
                0x0000028c                __vector_24
                0x0000028c                __vector_12
                0x0000028c                __vector_55
                0x0000028c                __vector_46
                0x0000028c                __bad_interrupt
                0x0000028c                __vector_6
                0x0000028c                __vector_31
                0x0000028c                __vector_35
                0x0000028c                __vector_39
                0x0000028c                __vector_3
                0x0000028c                __vector_30
                0x0000028c                __vector_45
                0x0000028c                __vector_25
                0x0000028c                __vector_11
                0x0000028c                __vector_54
                0x0000028c                __vector_13
                0x0000028c                __vector_17
                0x0000028c                __vector_19
                0x0000028c                __vector_56
                0x0000028c                __vector_7
                0x0000028c                __vector_49
                0x0000028c                __vector_41
                0x0000028c                __vector_43
                0x0000028c                __vector_27
                0x0000028c                __vector_5
                0x0000028c                __vector_33
                0x0000028c                __vector_47
                0x0000028c                __vector_52
                0x0000028c                __vector_37
                0x0000028c                __vector_4
                0x0000028c                __vector_44
                0x0000028c                __vector_51
                0x0000028c                __vector_9
                0x0000028c                __vector_2
                0x0000028c                __vector_21
                0x0000028c                __vector_15
                0x0000028c                __vector_36
                0x0000028c                __vector_29
                0x0000028c                __vector_40
                0x0000028c                __vector_8
                0x0000028c                __vector_26
                0x0000028c                __vector_48
                0x0000028c                __vector_14
                0x0000028c                __vector_53
                0x0000028c                __vector_10
                0x0000028c                __vector_50
                0x0000028c                __vector_16
                0x0000028c                __vector_18
                0x0000028c                __vector_42
                0x0000028e                . = ALIGN (0x2)
 *(.text.*)
 .text._Z10t1callbackv
                0x0000028e       0x56 BatteryCharger.o
                0x0000028e                _Z10t1callbackv
 .text._Z11StoreBufferPhh
                0x000002e4        0xc BatteryCharger.o
                0x000002e4                _Z11StoreBufferPhh
 .text._Z13RestoreBufferPhh
                0x000002f0        0xc BatteryCharger.o
                0x000002f0                _Z13RestoreBufferPhh
 .text.setup    0x000002fc      0x182 BatteryCharger.o
                0x000002fc                setup
 .text._Z12readDebounceii
                0x0000047e       0x72 BatteryCharger.o
                0x0000047e                _Z12readDebounceii
 .text._Z13SetAndShowU16PjPc
                0x000004f0       0xf0 BatteryCharger.o
                0x000004f0                _Z13SetAndShowU16PjPc
 .text.loop     0x000005e0      0x772 BatteryCharger.o
                0x000005e0                loop
 .text.startup._GLOBAL__sub_I_vbatt_pin
                0x00000d52       0x24 BatteryCharger.o
 .text._Z18GetPressedButtonIdv
                0x00000d76       0x14 ButtonMatrix.o
                0x00000d76                _Z18GetPressedButtonIdv
 .text._Z24ButtonMatrixPrimaryCyclev
                0x00000d8a      0x6dc ButtonMatrix.o
                0x00000d8a                _Z24ButtonMatrixPrimaryCyclev
 .text.initVariant
                0x00001466        0x2 C:\Users\aronno\DOCUME~1\ATMELS~1\7.0\ENERGY~1\BATTER~2\BATTER~1\ARDUIN~1\Release\libArduinoCore.a(main.o)
                0x00001466                initVariant
 .text.startup.main
                0x00001468       0x18 C:\Users\aronno\DOCUME~1\ATMELS~1\7.0\ENERGY~1\BATTER~2\BATTER~1\ARDUIN~1\Release\libArduinoCore.a(main.o)
                0x00001468                main
 .text._ZN5Print5writeEPKhj
                0x00001480       0x54 C:\Users\aronno\DOCUME~1\ATMELS~1\7.0\ENERGY~1\BATTER~2\BATTER~1\ARDUIN~1\Release\libArduinoCore.a(Print.o)
                0x00001480                _ZN5Print5writeEPKhj
 .text._ZN5Print5writeEPKc
                0x000014d4       0x2a C:\Users\aronno\DOCUME~1\ATMELS~1\7.0\ENERGY~1\BATTER~2\BATTER~1\ARDUIN~1\Release\libArduinoCore.a(Print.o)
                0x000014d4                _ZN5Print5writeEPKc
 .text._ZN5Print5printEPKc
                0x000014fe        0x2 C:\Users\aronno\DOCUME~1\ATMELS~1\7.0\ENERGY~1\BATTER~2\BATTER~1\ARDUIN~1\Release\libArduinoCore.a(Print.o)
                0x000014fe                _ZN5Print5printEPKc
 .text.__vector_23
                0x00001500       0x94 C:\Users\aronno\DOCUME~1\ATMELS~1\7.0\ENERGY~1\BATTER~2\BATTER~1\ARDUIN~1\Release\libArduinoCore.a(wiring.o)
                0x00001500                __vector_23
 .text.delayMicroseconds
                0x00001594       0x16 C:\Users\aronno\DOCUME~1\ATMELS~1\7.0\ENERGY~1\BATTER~2\BATTER~1\ARDUIN~1\Release\libArduinoCore.a(wiring.o)
                0x00001594                delayMicroseconds
 .text.init     0x000015aa       0xc4 C:\Users\aronno\DOCUME~1\ATMELS~1\7.0\ENERGY~1\BATTER~2\BATTER~1\ARDUIN~1\Release\libArduinoCore.a(wiring.o)
                0x000015aa                init
 .text.analogReference
                0x0000166e        0x6 C:\Users\aronno\DOCUME~1\ATMELS~1\7.0\ENERGY~1\BATTER~2\BATTER~1\ARDUIN~1\Release\libArduinoCore.a(wiring_analog.o)
                0x0000166e                analogReference
 .text.analogRead
                0x00001674       0x4a C:\Users\aronno\DOCUME~1\ATMELS~1\7.0\ENERGY~1\BATTER~2\BATTER~1\ARDUIN~1\Release\libArduinoCore.a(wiring_analog.o)
                0x00001674                analogRead
 .text.turnOffPWM
                0x000016be       0xaa C:\Users\aronno\DOCUME~1\ATMELS~1\7.0\ENERGY~1\BATTER~2\BATTER~1\ARDUIN~1\Release\libArduinoCore.a(wiring_digital.o)
 .text.pinMode  0x00001768       0x78 C:\Users\aronno\DOCUME~1\ATMELS~1\7.0\ENERGY~1\BATTER~2\BATTER~1\ARDUIN~1\Release\libArduinoCore.a(wiring_digital.o)
                0x00001768                pinMode
 .text.digitalWrite
                0x000017e0       0x5c C:\Users\aronno\DOCUME~1\ATMELS~1\7.0\ENERGY~1\BATTER~2\BATTER~1\ARDUIN~1\Release\libArduinoCore.a(wiring_digital.o)
                0x000017e0                digitalWrite
 .text.digitalRead
                0x0000183c       0x50 C:\Users\aronno\DOCUME~1\ATMELS~1\7.0\ENERGY~1\BATTER~2\BATTER~1\ARDUIN~1\Release\libArduinoCore.a(wiring_digital.o)
                0x0000183c                digitalRead
 .text._ZN13LiquidCrystal11pulseEnableEv
                0x0000188c       0x2e C:\Users\aronno\DOCUME~1\ATMELS~1\7.0\ENERGY~1\BATTER~2\BATTER~1\ARDUIN~1\Release\libArduinoCore.a(LiquidCrystal.o)
                0x0000188c                _ZN13LiquidCrystal11pulseEnableEv
 .text._ZN13LiquidCrystal10write4bitsEh
                0x000018ba       0x56 C:\Users\aronno\DOCUME~1\ATMELS~1\7.0\ENERGY~1\BATTER~2\BATTER~1\ARDUIN~1\Release\libArduinoCore.a(LiquidCrystal.o)
                0x000018ba                _ZN13LiquidCrystal10write4bitsEh
 .text._ZN13LiquidCrystal10write8bitsEh
                0x00001910       0x56 C:\Users\aronno\DOCUME~1\ATMELS~1\7.0\ENERGY~1\BATTER~2\BATTER~1\ARDUIN~1\Release\libArduinoCore.a(LiquidCrystal.o)
                0x00001910                _ZN13LiquidCrystal10write8bitsEh
 .text._ZN13LiquidCrystal4sendEhh
                0x00001966       0x48 C:\Users\aronno\DOCUME~1\ATMELS~1\7.0\ENERGY~1\BATTER~2\BATTER~1\ARDUIN~1\Release\libArduinoCore.a(LiquidCrystal.o)
                0x00001966                _ZN13LiquidCrystal4sendEhh
 .text._ZN13LiquidCrystal7commandEh
                0x000019ae        0x4 C:\Users\aronno\DOCUME~1\ATMELS~1\7.0\ENERGY~1\BATTER~2\BATTER~1\ARDUIN~1\Release\libArduinoCore.a(LiquidCrystal.o)
                0x000019ae                _ZN13LiquidCrystal7commandEh
 .text._ZN13LiquidCrystal5clearEv
                0x000019b2        0xa C:\Users\aronno\DOCUME~1\ATMELS~1\7.0\ENERGY~1\BATTER~2\BATTER~1\ARDUIN~1\Release\libArduinoCore.a(LiquidCrystal.o)
                0x000019b2                _ZN13LiquidCrystal5clearEv
 .text._ZN13LiquidCrystal9setCursorEhh
                0x000019bc       0x24 C:\Users\aronno\DOCUME~1\ATMELS~1\7.0\ENERGY~1\BATTER~2\BATTER~1\ARDUIN~1\Release\libArduinoCore.a(LiquidCrystal.o)
                0x000019bc                _ZN13LiquidCrystal9setCursorEhh
 .text._ZN13LiquidCrystal7displayEv
                0x000019e0        0xe C:\Users\aronno\DOCUME~1\ATMELS~1\7.0\ENERGY~1\BATTER~2\BATTER~1\ARDUIN~1\Release\libArduinoCore.a(LiquidCrystal.o)
                0x000019e0                _ZN13LiquidCrystal7displayEv
 .text._ZN13LiquidCrystal5beginEhhh
                0x000019ee      0x11a C:\Users\aronno\DOCUME~1\ATMELS~1\7.0\ENERGY~1\BATTER~2\BATTER~1\ARDUIN~1\Release\libArduinoCore.a(LiquidCrystal.o)
                0x000019ee                _ZN13LiquidCrystal5beginEhhh
 .text._ZN13LiquidCrystalC2Ehhhhhh
                0x00001b08       0x3e C:\Users\aronno\DOCUME~1\ATMELS~1\7.0\ENERGY~1\BATTER~2\BATTER~1\ARDUIN~1\Release\libArduinoCore.a(LiquidCrystal.o)
                0x00001b08                _ZN13LiquidCrystalC1Ehhhhhh
                0x00001b08                _ZN13LiquidCrystalC2Ehhhhhh
 .text._ZN13LiquidCrystal5writeEh
                0x00001b46        0xa C:\Users\aronno\DOCUME~1\ATMELS~1\7.0\ENERGY~1\BATTER~2\BATTER~1\ARDUIN~1\Release\libArduinoCore.a(LiquidCrystal.o)
                0x00001b46                _ZN13LiquidCrystal5writeEh
 .text.__vector_20
                0x00001b50       0x56 C:\Users\aronno\DOCUME~1\ATMELS~1\7.0\ENERGY~1\BATTER~2\BATTER~1\ARDUIN~1\Release\libArduinoCore.a(TimerOne.o)
                0x00001b50                __vector_20
 .text.libgcc.div
                0x00001ba6       0x44 c:/program files (x86)/atmel/studio2/7.0/toolchain/avr8/avr8-gnu-toolchain/bin/../lib/gcc/avr/5.4.0/avr6\libgcc.a(_udivmodsi4.o)
                0x00001ba6                __udivmodsi4
 .text.libgcc   0x00001bea       0x10 c:/program files (x86)/atmel/studio2/7.0/toolchain/avr8/avr8-gnu-toolchain/bin/../lib/gcc/avr/5.4.0/avr6\libgcc.a(_tablejump2.o)
                0x00001bea                __tablejump2__
 .text.libgcc.mul
                0x00001bfa       0x14 c:/program files (x86)/atmel/studio2/7.0/toolchain/avr8/avr8-gnu-toolchain/bin/../lib/gcc/avr/5.4.0/avr6\libgcc.a(_muluhisi3.o)
                0x00001bfa                __muluhisi3
 .text.libgcc.mul
                0x00001c0e       0x1e c:/program files (x86)/atmel/studio2/7.0/toolchain/avr8/avr8-gnu-toolchain/bin/../lib/gcc/avr/5.4.0/avr6\libgcc.a(_umulhisi3.o)
                0x00001c0e                __umulhisi3
 .text.avr-libc
                0x00001c2c       0x5c c:/program files (x86)/atmel/studio2/7.0/toolchain/avr8/avr8-gnu-toolchain/bin/../lib/gcc/avr/5.4.0/../../../../avr/lib/avr6\libc.a(sprintf.o)
                0x00001c2c                sprintf
 .text.avr-libc
                0x00001c88      0x3fa c:/program files (x86)/atmel/studio2/7.0/toolchain/avr8/avr8-gnu-toolchain/bin/../lib/gcc/avr/5.4.0/../../../../avr/lib/avr6\libc.a(vfprintf_std.o)
                0x00001c88                vfprintf
 .text.avr-libc
                0x00002082       0x16 c:/program files (x86)/atmel/studio2/7.0/toolchain/avr8/avr8-gnu-toolchain/bin/../lib/gcc/avr/5.4.0/../../../../avr/lib/avr6\libc.a(strnlen_P.o)
                0x00002082                strnlen_P
 .text.avr-libc
                0x00002098       0x16 c:/program files (x86)/atmel/studio2/7.0/toolchain/avr8/avr8-gnu-toolchain/bin/../lib/gcc/avr/5.4.0/../../../../avr/lib/avr6\libc.a(strnlen.o)
                0x00002098                strnlen
 .text.avr-libc
                0x000020ae       0x78 c:/program files (x86)/atmel/studio2/7.0/toolchain/avr8/avr8-gnu-toolchain/bin/../lib/gcc/avr/5.4.0/../../../../avr/lib/avr6\libc.a(fputc.o)
                0x000020ae                fputc
 .text.avr-libc
                0x00002126       0xbc c:/program files (x86)/atmel/studio2/7.0/toolchain/avr8/avr8-gnu-toolchain/bin/../lib/gcc/avr/5.4.0/../../../../avr/lib/avr6\libc.a(ultoa_invert.o)
                0x00002126                __ultoa_invert
 .text.avr-libc
                0x000021e2       0x20 C:/Program Files (x86)/Atmel/Studio2/7.0/Packs/atmel/ATmega_DFP/1.2.209/gcc/dev/atmega2560/avr6\libatmega2560.a(eerd_block.o)
                0x000021e2                eeprom_read_block
                0x000021e6                eeprom_read_blraw
 .text.avr-libc
                0x00002202       0x12 C:/Program Files (x86)/Atmel/Studio2/7.0/Packs/atmel/ATmega_DFP/1.2.209/gcc/dev/atmega2560/avr6\libatmega2560.a(eewr_block.o)
                0x00002202                eeprom_write_block
 .text.avr-libc
                0x00002214       0x1c C:/Program Files (x86)/Atmel/Studio2/7.0/Packs/atmel/ATmega_DFP/1.2.209/gcc/dev/atmega2560/avr6\libatmega2560.a(eewr_byte.o)
                0x00002214                eeprom_write_byte
                0x00002216                eeprom_write_r18
                0x00002230                . = ALIGN (0x2)
 *(.fini9)
 .fini9         0x00002230        0x0 c:/program files (x86)/atmel/studio2/7.0/toolchain/avr8/avr8-gnu-toolchain/bin/../lib/gcc/avr/5.4.0/avr6\libgcc.a(_exit.o)
                0x00002230                _exit
                0x00002230                exit
 *(.fini9)
 *(.fini8)
 *(.fini8)
 *(.fini7)
 *(.fini7)
 *(.fini6)
 *(.fini6)
 *(.fini5)
 *(.fini5)
 *(.fini4)
 *(.fini4)
 *(.fini3)
 *(.fini3)
 *(.fini2)
 *(.fini2)
 *(.fini1)
 *(.fini1)
 *(.fini0)
 .fini0         0x00002230        0x4 c:/program files (x86)/atmel/studio2/7.0/toolchain/avr8/avr8-gnu-toolchain/bin/../lib/gcc/avr/5.4.0/avr6\libgcc.a(_exit.o)
 *(.fini0)
                0x00002234                _etext = .

.data           0x00800200       0x8e load address 0x00002234
                0x00800200                PROVIDE (__data_start, .)
 *(.data)
 *(.data*)
 .data.rect_voltage_state
                0x00800200        0x2 BatteryCharger.o
                0x00800200                rect_voltage_state
 .data.vearth_pin
                0x00800202        0x2 BatteryCharger.o
                0x00800202                vearth_pin
 .data.vrect_pin
                0x00800204        0x2 BatteryCharger.o
                0x00800204                vrect_pin
 .data.vbatt_pin
                0x00800206        0x2 BatteryCharger.o
                0x00800206                vbatt_pin
 .data.LONGPRESS_COUNT
                0x00800208        0x2 ButtonMatrix.o
                0x00800208                LONGPRESS_COUNT
 .data.SHORTPRESS_COUNT
                0x0080020a        0x2 ButtonMatrix.o
                0x0080020a                SHORTPRESS_COUNT
 .data.ActiveColumn
                0x0080020c        0x1 ButtonMatrix.o
                0x0080020c                ActiveColumn
 .data.analog_reference
                0x0080020d        0x1 C:\Users\aronno\DOCUME~1\ATMELS~1\7.0\ENERGY~1\BATTER~2\BATTER~1\ARDUIN~1\Release\libArduinoCore.a(wiring_analog.o)
                0x0080020d                analog_reference
 *(.gnu.linkonce.d*)
 *(.rodata)
 *(.rodata*)
 .rodata.str1.1
                0x0080020e       0x77 BatteryCharger.o
                                 0x7a (size before relaxing)
 .rodata._ZTV13LiquidCrystal
                0x00800285        0x8 C:\Users\aronno\DOCUME~1\ATMELS~1\7.0\ENERGY~1\BATTER~2\BATTER~1\ARDUIN~1\Release\libArduinoCore.a(LiquidCrystal.o)
                0x00800285                _ZTV13LiquidCrystal
 *(.gnu.linkonce.r*)
                0x0080028e                . = ALIGN (0x2)
 *fill*         0x0080028d        0x1 
                0x0080028e                _edata = .
                0x0080028e                PROVIDE (__data_end, .)

.bss            0x0080028e       0xa3
                0x0080028e                PROVIDE (__bss_start, .)
 *(.bss)
 *(.bss*)
 .bss.chUival   0x0080028e        0x8 BatteryCharger.o
                0x0080028e                chUival
 .bss.StrLen    0x00800296        0x1 BatteryCharger.o
                0x00800296                StrLen
 .bss.debounce_low_count
                0x00800297        0x2 BatteryCharger.o
                0x00800297                debounce_low_count
 .bss.settings  0x00800299        0x8 BatteryCharger.o
                0x00800299                settings
 .bss.lcd       0x008002a1       0x18 BatteryCharger.o
                0x008002a1                lcd
 .bss.strText01
                0x008002b9       0x14 BatteryCharger.o
                0x008002b9                strText01
 .bss.t1tick003
                0x008002cd        0x1 BatteryCharger.o
                0x008002cd                t1tick003
 .bss.t1tickCount003
                0x008002ce        0x2 BatteryCharger.o
                0x008002ce                t1tickCount003
 .bss.t1tick002
                0x008002d0        0x1 BatteryCharger.o
                0x008002d0                t1tick002
 .bss.t1tickCount002
                0x008002d1        0x2 BatteryCharger.o
                0x008002d1                t1tickCount002
 .bss.t1tick001
                0x008002d3        0x1 BatteryCharger.o
                0x008002d3                t1tick001
 .bss.rect_over_v2_count
                0x008002d4        0x2 BatteryCharger.o
                0x008002d4                rect_over_v2_count
 .bss.rect_over_v1_count
                0x008002d6        0x2 BatteryCharger.o
                0x008002d6                rect_over_v1_count
 .bss.rect_under_v1_count
                0x008002d8        0x2 BatteryCharger.o
                0x008002d8                rect_under_v1_count
 .bss.rect_low_voltage_count
                0x008002da        0x2 BatteryCharger.o
                0x008002da                rect_low_voltage_count
 .bss.mains_fail_count
                0x008002dc        0x4 BatteryCharger.o
                0x008002dc                mains_fail_count
 .bss.mains_fail_status
                0x008002e0        0x1 BatteryCharger.o
                0x008002e0                mains_fail_status
 .bss.boost_on_counter
                0x008002e1        0x4 BatteryCharger.o
                0x008002e1                boost_on_counter
 .bss.boost_on_flag
                0x008002e5        0x1 BatteryCharger.o
                0x008002e5                boost_on_flag
 .bss.vearth_adc_accumulator
                0x008002e6        0x4 BatteryCharger.o
                0x008002e6                vearth_adc_accumulator
 .bss.vrect_adc_accumulator
                0x008002ea        0x4 BatteryCharger.o
                0x008002ea                vrect_adc_accumulator
 .bss.vbat_adc_accumulator
                0x008002ee        0x4 BatteryCharger.o
                0x008002ee                vbat_adc_accumulator
 .bss.adc_collection_counter
                0x008002f2        0x4 BatteryCharger.o
                0x008002f2                adc_collection_counter
 .bss.vEarthDisplay
                0x008002f6        0x4 BatteryCharger.o
                0x008002f6                vEarthDisplay
 .bss.vRectDisplay
                0x008002fa        0x4 BatteryCharger.o
                0x008002fa                vRectDisplay
 .bss.vBattDisplay
                0x008002fe        0x4 BatteryCharger.o
                0x008002fe                vBattDisplay
 .bss.Earth_adc
                0x00800302        0x4 BatteryCharger.o
                0x00800302                Earth_adc
 .bss.Rect_adc  0x00800306        0x4 BatteryCharger.o
                0x00800306                Rect_adc
 .bss.Batt_adc  0x0080030a        0x4 BatteryCharger.o
                0x0080030a                Batt_adc
 .bss.vEarth_adc
                0x0080030e        0x4 BatteryCharger.o
                0x0080030e                vEarth_adc
 .bss.vRect_adc
                0x00800312        0x4 BatteryCharger.o
                0x00800312                vRect_adc
 .bss.vBatt_adc
                0x00800316        0x4 BatteryCharger.o
                0x00800316                vBatt_adc
 .bss.NextButtonDelayCount
                0x0080031a        0x2 ButtonMatrix.o
                0x0080031a                NextButtonDelayCount
 .bss.ButtonIdReadFlag
                0x0080031c        0x1 ButtonMatrix.o
                0x0080031c                ButtonIdReadFlag
 .bss.click     0x0080031d        0x1 ButtonMatrix.o
                0x0080031d                click
 .bss.Button    0x0080031e        0x1 ButtonMatrix.o
                0x0080031e                Button
 .bss.LongPress
                0x0080031f        0x1 ButtonMatrix.o
                0x0080031f                LongPress
 .bss.PressedButtonId
                0x00800320        0x1 ButtonMatrix.o
                0x00800320                PressedButtonId
 .bss.BtnPressCount
                0x00800321        0x2 ButtonMatrix.o
                0x00800321                BtnPressCount
 .bss.timer0_fract
                0x00800323        0x1 C:\Users\aronno\DOCUME~1\ATMELS~1\7.0\ENERGY~1\BATTER~2\BATTER~1\ARDUIN~1\Release\libArduinoCore.a(wiring.o)
 .bss.timer0_millis
                0x00800324        0x4 C:\Users\aronno\DOCUME~1\ATMELS~1\7.0\ENERGY~1\BATTER~2\BATTER~1\ARDUIN~1\Release\libArduinoCore.a(wiring.o)
                0x00800324                timer0_millis
 .bss.timer0_overflow_count
                0x00800328        0x4 C:\Users\aronno\DOCUME~1\ATMELS~1\7.0\ENERGY~1\BATTER~2\BATTER~1\ARDUIN~1\Release\libArduinoCore.a(wiring.o)
                0x00800328                timer0_overflow_count
 .bss._ZN8TimerOne11isrCallbackE
                0x0080032c        0x2 C:\Users\aronno\DOCUME~1\ATMELS~1\7.0\ENERGY~1\BATTER~2\BATTER~1\ARDUIN~1\Release\libArduinoCore.a(TimerOne.o)
                0x0080032c                _ZN8TimerOne11isrCallbackE
 .bss._ZN8TimerOne15clockSelectBitsE
                0x0080032e        0x1 C:\Users\aronno\DOCUME~1\ATMELS~1\7.0\ENERGY~1\BATTER~2\BATTER~1\ARDUIN~1\Release\libArduinoCore.a(TimerOne.o)
                0x0080032e                _ZN8TimerOne15clockSelectBitsE
 .bss._ZN8TimerOne9pwmPeriodE
                0x0080032f        0x2 C:\Users\aronno\DOCUME~1\ATMELS~1\7.0\ENERGY~1\BATTER~2\BATTER~1\ARDUIN~1\Release\libArduinoCore.a(TimerOne.o)
                0x0080032f                _ZN8TimerOne9pwmPeriodE
 *(COMMON)
                0x00800331                PROVIDE (__bss_end, .)
                0x00002234                __data_load_start = LOADADDR (.data)
                0x000022c2                __data_load_end = (__data_load_start + SIZEOF (.data))

.noinit         0x00800331        0x0
                [!provide]                PROVIDE (__noinit_start, .)
 *(.noinit*)
                [!provide]                PROVIDE (__noinit_end, .)
                0x00800331                _end = .
                [!provide]                PROVIDE (__heap_start, .)

.eeprom         0x00810000        0x0
 *(.eeprom*)
                0x00810000                __eeprom_end = .

.fuse
 *(.fuse)
 *(.lfuse)
 *(.hfuse)
 *(.efuse)

.lock
 *(.lock*)

.signature
 *(.signature*)

.user_signatures
 *(.user_signatures*)

.stab
 *(.stab)

.stabstr
 *(.stabstr)

.stab.excl
 *(.stab.excl)

.stab.exclstr
 *(.stab.exclstr)

.stab.index
 *(.stab.index)

.stab.indexstr
 *(.stab.indexstr)

.comment        0x00000000       0x5c
 *(.comment)
 .comment       0x00000000       0x30 BatteryCharger.o
                                 0x31 (size before relaxing)
 .comment       0x00000030       0x31 ButtonMatrix.o
 .comment       0x00000030       0x31 C:\Users\aronno\DOCUME~1\ATMELS~1\7.0\ENERGY~1\BATTER~2\BATTER~1\ARDUIN~1\Release\libArduinoCore.a(main.o)
 .comment       0x00000030       0x31 C:\Users\aronno\DOCUME~1\ATMELS~1\7.0\ENERGY~1\BATTER~2\BATTER~1\ARDUIN~1\Release\libArduinoCore.a(Print.o)
 .comment       0x00000030       0x31 C:\Users\aronno\DOCUME~1\ATMELS~1\7.0\ENERGY~1\BATTER~2\BATTER~1\ARDUIN~1\Release\libArduinoCore.a(wiring.o)
 .comment       0x00000030       0x31 C:\Users\aronno\DOCUME~1\ATMELS~1\7.0\ENERGY~1\BATTER~2\BATTER~1\ARDUIN~1\Release\libArduinoCore.a(wiring_analog.o)
 .comment       0x00000030       0x31 C:\Users\aronno\DOCUME~1\ATMELS~1\7.0\ENERGY~1\BATTER~2\BATTER~1\ARDUIN~1\Release\libArduinoCore.a(wiring_digital.o)
 .comment       0x00000030       0x31 C:\Users\aronno\DOCUME~1\ATMELS~1\7.0\ENERGY~1\BATTER~2\BATTER~1\ARDUIN~1\Release\libArduinoCore.a(LiquidCrystal.o)
 .comment       0x00000030       0x31 C:\Users\aronno\DOCUME~1\ATMELS~1\7.0\ENERGY~1\BATTER~2\BATTER~1\ARDUIN~1\Release\libArduinoCore.a(TimerOne.o)
 .comment       0x00000030       0x31 c:/program files (x86)/atmel/studio2/7.0/toolchain/avr8/avr8-gnu-toolchain/bin/../lib/gcc/avr/5.4.0/../../../../avr/lib/avr6\libc.a(sprintf.o)
 .comment       0x00000030       0x2c c:/program files (x86)/atmel/studio2/7.0/toolchain/avr8/avr8-gnu-toolchain/bin/../lib/gcc/avr/5.4.0/../../../../avr/lib/avr6\libc.a(vfprintf_std.o)
                                 0x2d (size before relaxing)
 .comment       0x0000005c       0x31 c:/program files (x86)/atmel/studio2/7.0/toolchain/avr8/avr8-gnu-toolchain/bin/../lib/gcc/avr/5.4.0/../../../../avr/lib/avr6\libc.a(fputc.o)

.note.gnu.avr.deviceinfo
                0x00000000       0x40
 .note.gnu.avr.deviceinfo
                0x00000000       0x40 C:/Program Files (x86)/Atmel/Studio2/7.0/Packs/atmel/ATmega_DFP/1.2.209/gcc/dev/atmega2560/avr6/crtatmega2560.o

.note.gnu.build-id
 *(.note.gnu.build-id)

.debug
 *(.debug)

.line
 *(.line)

.debug_srcinfo
 *(.debug_srcinfo)

.debug_sfnames
 *(.debug_sfnames)

.debug_aranges  0x00000000      0x3e8
 *(.debug_aranges)
 .debug_aranges
                0x00000000       0x68 BatteryCharger.o
 .debug_aranges
                0x00000068       0x30 ButtonMatrix.o
 .debug_aranges
                0x00000098       0x30 C:\Users\aronno\DOCUME~1\ATMELS~1\7.0\ENERGY~1\BATTER~2\BATTER~1\ARDUIN~1\Release\libArduinoCore.a(main.o)
 .debug_aranges
                0x000000c8       0xf0 C:\Users\aronno\DOCUME~1\ATMELS~1\7.0\ENERGY~1\BATTER~2\BATTER~1\ARDUIN~1\Release\libArduinoCore.a(Print.o)
 .debug_aranges
                0x000001b8       0x48 C:\Users\aronno\DOCUME~1\ATMELS~1\7.0\ENERGY~1\BATTER~2\BATTER~1\ARDUIN~1\Release\libArduinoCore.a(wiring.o)
 .debug_aranges
                0x00000200       0x30 C:\Users\aronno\DOCUME~1\ATMELS~1\7.0\ENERGY~1\BATTER~2\BATTER~1\ARDUIN~1\Release\libArduinoCore.a(wiring_analog.o)
 .debug_aranges
                0x00000230       0x38 C:\Users\aronno\DOCUME~1\ATMELS~1\7.0\ENERGY~1\BATTER~2\BATTER~1\ARDUIN~1\Release\libArduinoCore.a(wiring_digital.o)
 .debug_aranges
                0x00000268      0x100 C:\Users\aronno\DOCUME~1\ATMELS~1\7.0\ENERGY~1\BATTER~2\BATTER~1\ARDUIN~1\Release\libArduinoCore.a(LiquidCrystal.o)
 .debug_aranges
                0x00000368       0x20 C:\Users\aronno\DOCUME~1\ATMELS~1\7.0\ENERGY~1\BATTER~2\BATTER~1\ARDUIN~1\Release\libArduinoCore.a(TimerOne.o)
 .debug_aranges
                0x00000388       0x20 C:/Program Files (x86)/Atmel/Studio2/7.0/Packs/atmel/ATmega_DFP/1.2.209/gcc/dev/atmega2560/avr6\libatmega2560.a(eerd_block.o)
 .debug_aranges
                0x000003a8       0x20 C:/Program Files (x86)/Atmel/Studio2/7.0/Packs/atmel/ATmega_DFP/1.2.209/gcc/dev/atmega2560/avr6\libatmega2560.a(eewr_block.o)
 .debug_aranges
                0x000003c8       0x20 C:/Program Files (x86)/Atmel/Studio2/7.0/Packs/atmel/ATmega_DFP/1.2.209/gcc/dev/atmega2560/avr6\libatmega2560.a(eewr_byte.o)

.debug_pubnames
 *(.debug_pubnames)

.debug_info     0x00000000     0x801c
 *(.debug_info .gnu.linkonce.wi.*)
 .debug_info    0x00000000      0xbbc C:/Program Files (x86)/Atmel/Studio2/7.0/Packs/atmel/ATmega_DFP/1.2.209/gcc/dev/atmega2560/avr6/crtatmega2560.o
 .debug_info    0x00000bbc     0x16f9 BatteryCharger.o
 .debug_info    0x000022b5      0x43f ButtonMatrix.o
 .debug_info    0x000026f4      0x295 C:\Users\aronno\DOCUME~1\ATMELS~1\7.0\ENERGY~1\BATTER~2\BATTER~1\ARDUIN~1\Release\libArduinoCore.a(main.o)
 .debug_info    0x00002989     0x28bc C:\Users\aronno\DOCUME~1\ATMELS~1\7.0\ENERGY~1\BATTER~2\BATTER~1\ARDUIN~1\Release\libArduinoCore.a(Print.o)
 .debug_info    0x00005245      0x329 C:\Users\aronno\DOCUME~1\ATMELS~1\7.0\ENERGY~1\BATTER~2\BATTER~1\ARDUIN~1\Release\libArduinoCore.a(wiring.o)
 .debug_info    0x0000556e      0x2cd C:\Users\aronno\DOCUME~1\ATMELS~1\7.0\ENERGY~1\BATTER~2\BATTER~1\ARDUIN~1\Release\libArduinoCore.a(wiring_analog.o)
 .debug_info    0x0000583b      0x63a C:\Users\aronno\DOCUME~1\ATMELS~1\7.0\ENERGY~1\BATTER~2\BATTER~1\ARDUIN~1\Release\libArduinoCore.a(wiring_digital.o)
 .debug_info    0x00005e75     0x1b9a C:\Users\aronno\DOCUME~1\ATMELS~1\7.0\ENERGY~1\BATTER~2\BATTER~1\ARDUIN~1\Release\libArduinoCore.a(LiquidCrystal.o)
 .debug_info    0x00007a0f      0x407 C:\Users\aronno\DOCUME~1\ATMELS~1\7.0\ENERGY~1\BATTER~2\BATTER~1\ARDUIN~1\Release\libArduinoCore.a(TimerOne.o)
 .debug_info    0x00007e16       0xad C:/Program Files (x86)/Atmel/Studio2/7.0/Packs/atmel/ATmega_DFP/1.2.209/gcc/dev/atmega2560/avr6\libatmega2560.a(eerd_block.o)
 .debug_info    0x00007ec3       0xad C:/Program Files (x86)/Atmel/Studio2/7.0/Packs/atmel/ATmega_DFP/1.2.209/gcc/dev/atmega2560/avr6\libatmega2560.a(eewr_block.o)
 .debug_info    0x00007f70       0xac C:/Program Files (x86)/Atmel/Studio2/7.0/Packs/atmel/ATmega_DFP/1.2.209/gcc/dev/atmega2560/avr6\libatmega2560.a(eewr_byte.o)

.debug_abbrev   0x00000000     0x1e78
 *(.debug_abbrev)
 .debug_abbrev  0x00000000      0xb1a C:/Program Files (x86)/Atmel/Studio2/7.0/Packs/atmel/ATmega_DFP/1.2.209/gcc/dev/atmega2560/avr6/crtatmega2560.o
 .debug_abbrev  0x00000b1a      0x3f4 BatteryCharger.o
 .debug_abbrev  0x00000f0e      0x103 ButtonMatrix.o
 .debug_abbrev  0x00001011      0x12d C:\Users\aronno\DOCUME~1\ATMELS~1\7.0\ENERGY~1\BATTER~2\BATTER~1\ARDUIN~1\Release\libArduinoCore.a(main.o)
 .debug_abbrev  0x0000113e      0x469 C:\Users\aronno\DOCUME~1\ATMELS~1\7.0\ENERGY~1\BATTER~2\BATTER~1\ARDUIN~1\Release\libArduinoCore.a(Print.o)
 .debug_abbrev  0x000015a7      0x146 C:\Users\aronno\DOCUME~1\ATMELS~1\7.0\ENERGY~1\BATTER~2\BATTER~1\ARDUIN~1\Release\libArduinoCore.a(wiring.o)
 .debug_abbrev  0x000016ed      0x17a C:\Users\aronno\DOCUME~1\ATMELS~1\7.0\ENERGY~1\BATTER~2\BATTER~1\ARDUIN~1\Release\libArduinoCore.a(wiring_analog.o)
 .debug_abbrev  0x00001867      0x15a C:\Users\aronno\DOCUME~1\ATMELS~1\7.0\ENERGY~1\BATTER~2\BATTER~1\ARDUIN~1\Release\libArduinoCore.a(wiring_digital.o)
 .debug_abbrev  0x000019c1      0x334 C:\Users\aronno\DOCUME~1\ATMELS~1\7.0\ENERGY~1\BATTER~2\BATTER~1\ARDUIN~1\Release\libArduinoCore.a(LiquidCrystal.o)
 .debug_abbrev  0x00001cf5      0x147 C:\Users\aronno\DOCUME~1\ATMELS~1\7.0\ENERGY~1\BATTER~2\BATTER~1\ARDUIN~1\Release\libArduinoCore.a(TimerOne.o)
 .debug_abbrev  0x00001e3c       0x14 C:/Program Files (x86)/Atmel/Studio2/7.0/Packs/atmel/ATmega_DFP/1.2.209/gcc/dev/atmega2560/avr6\libatmega2560.a(eerd_block.o)
 .debug_abbrev  0x00001e50       0x14 C:/Program Files (x86)/Atmel/Studio2/7.0/Packs/atmel/ATmega_DFP/1.2.209/gcc/dev/atmega2560/avr6\libatmega2560.a(eewr_block.o)
 .debug_abbrev  0x00001e64       0x14 C:/Program Files (x86)/Atmel/Studio2/7.0/Packs/atmel/ATmega_DFP/1.2.209/gcc/dev/atmega2560/avr6\libatmega2560.a(eewr_byte.o)

.debug_line     0x00000000     0x2cd3
 *(.debug_line .debug_line.* .debug_line_end)
 .debug_line    0x00000000      0x1f9 C:/Program Files (x86)/Atmel/Studio2/7.0/Packs/atmel/ATmega_DFP/1.2.209/gcc/dev/atmega2560/avr6/crtatmega2560.o
 .debug_line    0x000001f9      0x906 BatteryCharger.o
 .debug_line    0x00000aff      0x67a ButtonMatrix.o
 .debug_line    0x00001179      0x162 C:\Users\aronno\DOCUME~1\ATMELS~1\7.0\ENERGY~1\BATTER~2\BATTER~1\ARDUIN~1\Release\libArduinoCore.a(main.o)
 .debug_line    0x000012db      0x624 C:\Users\aronno\DOCUME~1\ATMELS~1\7.0\ENERGY~1\BATTER~2\BATTER~1\ARDUIN~1\Release\libArduinoCore.a(Print.o)
 .debug_line    0x000018ff      0x2cc C:\Users\aronno\DOCUME~1\ATMELS~1\7.0\ENERGY~1\BATTER~2\BATTER~1\ARDUIN~1\Release\libArduinoCore.a(wiring.o)
 .debug_line    0x00001bcb      0x2c5 C:\Users\aronno\DOCUME~1\ATMELS~1\7.0\ENERGY~1\BATTER~2\BATTER~1\ARDUIN~1\Release\libArduinoCore.a(wiring_analog.o)
 .debug_line    0x00001e90      0x285 C:\Users\aronno\DOCUME~1\ATMELS~1\7.0\ENERGY~1\BATTER~2\BATTER~1\ARDUIN~1\Release\libArduinoCore.a(wiring_digital.o)
 .debug_line    0x00002115      0x8bf C:\Users\aronno\DOCUME~1\ATMELS~1\7.0\ENERGY~1\BATTER~2\BATTER~1\ARDUIN~1\Release\libArduinoCore.a(LiquidCrystal.o)
 .debug_line    0x000029d4      0x136 C:\Users\aronno\DOCUME~1\ATMELS~1\7.0\ENERGY~1\BATTER~2\BATTER~1\ARDUIN~1\Release\libArduinoCore.a(TimerOne.o)
 .debug_line    0x00002b0a       0xab C:/Program Files (x86)/Atmel/Studio2/7.0/Packs/atmel/ATmega_DFP/1.2.209/gcc/dev/atmega2560/avr6\libatmega2560.a(eerd_block.o)
 .debug_line    0x00002bb5       0x80 C:/Program Files (x86)/Atmel/Studio2/7.0/Packs/atmel/ATmega_DFP/1.2.209/gcc/dev/atmega2560/avr6\libatmega2560.a(eewr_block.o)
 .debug_line    0x00002c35       0x9e C:/Program Files (x86)/Atmel/Studio2/7.0/Packs/atmel/ATmega_DFP/1.2.209/gcc/dev/atmega2560/avr6\libatmega2560.a(eewr_byte.o)

.debug_frame    0x00000000      0xacc
 *(.debug_frame)
 .debug_frame   0x00000000      0x16c BatteryCharger.o
 .debug_frame   0x0000016c       0x4c ButtonMatrix.o
 .debug_frame   0x000001b8       0x54 C:\Users\aronno\DOCUME~1\ATMELS~1\7.0\ENERGY~1\BATTER~2\BATTER~1\ARDUIN~1\Release\libArduinoCore.a(main.o)
 .debug_frame   0x0000020c      0x38c C:\Users\aronno\DOCUME~1\ATMELS~1\7.0\ENERGY~1\BATTER~2\BATTER~1\ARDUIN~1\Release\libArduinoCore.a(Print.o)
 .debug_frame   0x00000598       0xc4 C:\Users\aronno\DOCUME~1\ATMELS~1\7.0\ENERGY~1\BATTER~2\BATTER~1\ARDUIN~1\Release\libArduinoCore.a(wiring.o)
 .debug_frame   0x0000065c       0x54 C:\Users\aronno\DOCUME~1\ATMELS~1\7.0\ENERGY~1\BATTER~2\BATTER~1\ARDUIN~1\Release\libArduinoCore.a(wiring_analog.o)
 .debug_frame   0x000006b0       0x7c C:\Users\aronno\DOCUME~1\ATMELS~1\7.0\ENERGY~1\BATTER~2\BATTER~1\ARDUIN~1\Release\libArduinoCore.a(wiring_digital.o)
 .debug_frame   0x0000072c      0x334 C:\Users\aronno\DOCUME~1\ATMELS~1\7.0\ENERGY~1\BATTER~2\BATTER~1\ARDUIN~1\Release\libArduinoCore.a(LiquidCrystal.o)
 .debug_frame   0x00000a60       0x6c C:\Users\aronno\DOCUME~1\ATMELS~1\7.0\ENERGY~1\BATTER~2\BATTER~1\ARDUIN~1\Release\libArduinoCore.a(TimerOne.o)

.debug_str      0x00000000     0x2705
 *(.debug_str)
 .debug_str     0x00000000      0x3e6 C:/Program Files (x86)/Atmel/Studio2/7.0/Packs/atmel/ATmega_DFP/1.2.209/gcc/dev/atmega2560/avr6/crtatmega2560.o
 .debug_str     0x000003e6      0xa02 BatteryCharger.o
                                0xa9e (size before relaxing)
 .debug_str     0x00000de8       0xd6 ButtonMatrix.o
                                0x3d2 (size before relaxing)
 .debug_str     0x00000ebe       0xd4 C:\Users\aronno\DOCUME~1\ATMELS~1\7.0\ENERGY~1\BATTER~2\BATTER~1\ARDUIN~1\Release\libArduinoCore.a(main.o)
                                0x2dc (size before relaxing)
 .debug_str     0x00000f92      0xef2 C:\Users\aronno\DOCUME~1\ATMELS~1\7.0\ENERGY~1\BATTER~2\BATTER~1\ARDUIN~1\Release\libArduinoCore.a(Print.o)
                               0x1221 (size before relaxing)
 .debug_str     0x00001e84      0x149 C:\Users\aronno\DOCUME~1\ATMELS~1\7.0\ENERGY~1\BATTER~2\BATTER~1\ARDUIN~1\Release\libArduinoCore.a(wiring.o)
                                0x272 (size before relaxing)
 .debug_str     0x00001fcd       0x57 C:\Users\aronno\DOCUME~1\ATMELS~1\7.0\ENERGY~1\BATTER~2\BATTER~1\ARDUIN~1\Release\libArduinoCore.a(wiring_analog.o)
                                0x276 (size before relaxing)
 .debug_str     0x00002024       0x9d C:\Users\aronno\DOCUME~1\ATMELS~1\7.0\ENERGY~1\BATTER~2\BATTER~1\ARDUIN~1\Release\libArduinoCore.a(wiring_digital.o)
                                0x2d7 (size before relaxing)
 .debug_str     0x000020c1      0x5bf C:\Users\aronno\DOCUME~1\ATMELS~1\7.0\ENERGY~1\BATTER~2\BATTER~1\ARDUIN~1\Release\libArduinoCore.a(LiquidCrystal.o)
                                0x928 (size before relaxing)
 .debug_str     0x00002680       0x85 C:\Users\aronno\DOCUME~1\ATMELS~1\7.0\ENERGY~1\BATTER~2\BATTER~1\ARDUIN~1\Release\libArduinoCore.a(TimerOne.o)
                                0x4e5 (size before relaxing)

.debug_loc      0x00000000     0x4757
 *(.debug_loc)
 .debug_loc     0x00000000      0x6ad BatteryCharger.o
 .debug_loc     0x000006ad       0x22 ButtonMatrix.o
 .debug_loc     0x000006cf     0x1c61 C:\Users\aronno\DOCUME~1\ATMELS~1\7.0\ENERGY~1\BATTER~2\BATTER~1\ARDUIN~1\Release\libArduinoCore.a(Print.o)
 .debug_loc     0x00002330      0x28d C:\Users\aronno\DOCUME~1\ATMELS~1\7.0\ENERGY~1\BATTER~2\BATTER~1\ARDUIN~1\Release\libArduinoCore.a(wiring.o)
 .debug_loc     0x000025bd      0x11c C:\Users\aronno\DOCUME~1\ATMELS~1\7.0\ENERGY~1\BATTER~2\BATTER~1\ARDUIN~1\Release\libArduinoCore.a(wiring_analog.o)
 .debug_loc     0x000026d9      0x56b C:\Users\aronno\DOCUME~1\ATMELS~1\7.0\ENERGY~1\BATTER~2\BATTER~1\ARDUIN~1\Release\libArduinoCore.a(wiring_digital.o)
 .debug_loc     0x00002c44     0x1a48 C:\Users\aronno\DOCUME~1\ATMELS~1\7.0\ENERGY~1\BATTER~2\BATTER~1\ARDUIN~1\Release\libArduinoCore.a(LiquidCrystal.o)
 .debug_loc     0x0000468c       0xcb C:\Users\aronno\DOCUME~1\ATMELS~1\7.0\ENERGY~1\BATTER~2\BATTER~1\ARDUIN~1\Release\libArduinoCore.a(TimerOne.o)

.debug_macinfo
 *(.debug_macinfo)

.debug_weaknames
 *(.debug_weaknames)

.debug_funcnames
 *(.debug_funcnames)

.debug_typenames
 *(.debug_typenames)

.debug_varnames
 *(.debug_varnames)

.debug_pubtypes
 *(.debug_pubtypes)

.debug_ranges   0x00000000      0x3a0
 *(.debug_ranges)
 .debug_ranges  0x00000000       0x58 BatteryCharger.o
 .debug_ranges  0x00000058       0x20 ButtonMatrix.o
 .debug_ranges  0x00000078       0x20 C:\Users\aronno\DOCUME~1\ATMELS~1\7.0\ENERGY~1\BATTER~2\BATTER~1\ARDUIN~1\Release\libArduinoCore.a(main.o)
 .debug_ranges  0x00000098      0x110 C:\Users\aronno\DOCUME~1\ATMELS~1\7.0\ENERGY~1\BATTER~2\BATTER~1\ARDUIN~1\Release\libArduinoCore.a(Print.o)
 .debug_ranges  0x000001a8       0x38 C:\Users\aronno\DOCUME~1\ATMELS~1\7.0\ENERGY~1\BATTER~2\BATTER~1\ARDUIN~1\Release\libArduinoCore.a(wiring.o)
 .debug_ranges  0x000001e0       0x20 C:\Users\aronno\DOCUME~1\ATMELS~1\7.0\ENERGY~1\BATTER~2\BATTER~1\ARDUIN~1\Release\libArduinoCore.a(wiring_analog.o)
 .debug_ranges  0x00000200       0x28 C:\Users\aronno\DOCUME~1\ATMELS~1\7.0\ENERGY~1\BATTER~2\BATTER~1\ARDUIN~1\Release\libArduinoCore.a(wiring_digital.o)
 .debug_ranges  0x00000228      0x168 C:\Users\aronno\DOCUME~1\ATMELS~1\7.0\ENERGY~1\BATTER~2\BATTER~1\ARDUIN~1\Release\libArduinoCore.a(LiquidCrystal.o)
 .debug_ranges  0x00000390       0x10 C:\Users\aronno\DOCUME~1\ATMELS~1\7.0\ENERGY~1\BATTER~2\BATTER~1\ARDUIN~1\Release\libArduinoCore.a(TimerOne.o)

.debug_macro
 *(.debug_macro)
OUTPUT(BatteryCharger.elf elf32-avr)
LOAD linker stubs
